BT_Flash_Commands.c:43:6:BT_Reset	8	static
BT_Flash_Commands.c:50:6:BT_EnterTestMode	8	static
BT_Flash_Commands.c:59:6:BT_EnterAppMode	8	static
BT_Flash_Commands.c:69:6:BT_OpenFlashMemory	32	static
BT_Flash_Commands.c:103:6:BT_CloseFlashMemory	32	static
BT_Flash_Commands.c:136:6:BT_EraseFlashMemory	48	static
BT_Flash_Commands.c:183:6:BT_Read128Bytes	48	static
BT_Flash_Commands.c:229:6:BT_Write128Bytes	48	static
BT_Flash_Commands.c:279:7:BT_CompareData	24	static
BT_Flash_Commands.c:292:6:BT_ConfigRun	48	static
